\BOOKMARK [1][]{section.1}{\376\377\000I\000n\000t\000r\000o\000d\000u\000c\000t\000i\000o\000n}{}% 1
\BOOKMARK [1][]{section.2}{\376\377\000R\000e\000l\000a\000t\000e\000d\000\040\000W\000o\000r\000k}{}% 2
\BOOKMARK [1][]{section.3}{\376\377\000M\000e\000t\000h\000o\000d\000o\000l\000o\000g\000y}{}% 3
\BOOKMARK [2][]{subsection.3.1}{\376\377\000A\000r\000c\000h\000i\000t\000e\000c\000t\000i\000n\000g\000\040\000t\000h\000e\000\040\000T\000i\000m\000e\000-\000M\000a\000j\000o\000r\000\040\000C\000o\000m\000p\000o\000u\000n\000d\000\040\000T\000o\000k\000e\000n\000\040\000S\000p\000a\000c\000e}{section.3}% 4
\BOOKMARK [2][]{subsection.3.2}{\376\377\000C\000a\000u\000s\000a\000l\000\040\000T\000r\000a\000n\000s\000f\000o\000r\000m\000e\000r\000\040\000A\000r\000c\000h\000i\000t\000e\000c\000t\000u\000r\000e}{section.3}% 5
\BOOKMARK [2][]{subsection.3.3}{\376\377\000F\000i\000L\000M\000\040\000C\000o\000n\000d\000i\000t\000i\000o\000n\000i\000n\000g\000:\000\040\000E\000n\000e\000r\000g\000y\000-\000L\000e\000v\000e\000l\000\040\000M\000o\000d\000u\000l\000a\000t\000i\000o\000n}{section.3}% 6
\BOOKMARK [2][]{subsection.3.4}{\376\377\000I\000n\000f\000e\000r\000e\000n\000c\000e\000\040\000P\000i\000p\000e\000l\000i\000n\000e}{section.3}% 7
\BOOKMARK [2][]{subsection.3.5}{\376\377\000S\000t\000r\000u\000c\000t\000u\000r\000a\000l\000\040\000D\000e\000n\000s\000i\000t\000y\000\040\000C\000o\000n\000d\000i\000t\000i\000o\000n\000i\000n\000g\000\040\000\046\000\040\000S\000e\000c\000t\000i\000o\000n\000-\000L\000e\000v\000e\000l\000\040\000S\000c\000h\000e\000d\000u\000l\000i\000n\000g}{section.3}% 8
\BOOKMARK [2][]{subsection.3.6}{\376\377\000T\000e\000m\000p\000o\000r\000a\000l\000\040\000A\000n\000c\000h\000o\000r\000\040\000S\000t\000i\000t\000c\000h\000i\000n\000g}{section.3}% 9
\BOOKMARK [2][]{subsection.3.7}{\376\377\000D\000A\000W\000\040\000P\000o\000s\000t\000-\000P\000r\000o\000c\000e\000s\000s\000i\000n\000g\000\040\000R\000u\000l\000e\000s}{section.3}% 10
\BOOKMARK [2][]{subsection.3.8}{\376\377\000M\000u\000l\000t\000i\000m\000e\000d\000i\000a\000\040\000T\000o\000o\000l\000\040\000I\000n\000t\000e\000g\000r\000a\000t\000i\000o\000n\000:\000\040\000D\000A\000W\000\040\000W\000o\000r\000k\000f\000l\000o\000w\000\040\000E\000x\000p\000o\000r\000t}{section.3}% 11
\BOOKMARK [2][]{subsection.3.9}{\376\377\000R\000e\000n\000d\000e\000r\000e\000d\000-\000A\000u\000d\000i\000o\000\040\000a\000n\000d\000\040\000P\000r\000o\000d\000u\000c\000t\000i\000o\000n\000\040\000W\000o\000r\000k\000f\000l\000o\000w\000\040\000P\000r\000o\000t\000o\000c\000o\000l}{section.3}% 12
\BOOKMARK [1][]{section.4}{\376\377\000E\000x\000p\000e\000r\000i\000m\000e\000n\000t\000s\000\040\000\046\000\040\000E\000v\000a\000l\000u\000a\000t\000i\000o\000n}{}% 13
\BOOKMARK [2][]{subsection.4.1}{\376\377\000D\000a\000t\000a\000s\000e\000t\000\040\000\046\000\040\000M\000o\000d\000e\000l\000\040\000S\000p\000e\000c\000i\000f\000i\000c\000a\000t\000i\000o\000n\000s}{section.4}% 14
\BOOKMARK [2][]{subsection.4.2}{\376\377\000C\000o\000n\000t\000r\000o\000l\000l\000e\000d\000\040\000C\000o\000m\000p\000a\000r\000i\000s\000o\000n\000:\000\040\000T\000r\000a\000i\000n\000e\000d\000\040\000B\000a\000s\000e\000l\000i\000n\000e\000s\000\040\000a\000n\000d\000\040\000Z\000e\000r\000o\000-\000S\000h\000o\000t\000\040\000T\000r\000a\000n\000s\000f\000e\000r\000\040\000P\000r\000o\000b\000e\000s}{section.4}% 15
\BOOKMARK [2][]{subsection.4.3}{\376\377\000F\000a\000i\000l\000u\000r\000e\000\040\000C\000a\000s\000e\000\040\000V\000i\000s\000u\000a\000l\000i\000z\000a\000t\000i\000o\000n\000:\000\040\000T\000h\000e\000\040\000`\000`\000D\000r\000o\000p\000'\000'\000\040\000S\000c\000e\000n\000a\000r\000i\000o}{section.4}% 16
\BOOKMARK [2][]{subsection.4.4}{\376\377\000S\000t\000r\000u\000c\000t\000u\000r\000a\000l\000\040\000T\000o\000k\000e\000n\000-\000D\000i\000s\000t\000a\000n\000c\000e\000\040\000v\000s\000.\000\040\000E\000s\000t\000a\000b\000l\000i\000s\000h\000e\000d\000\040\000P\000a\000r\000a\000d\000i\000g\000m\000s}{section.4}% 17
\BOOKMARK [2][]{subsection.4.5}{\376\377\000C\000o\000m\000p\000o\000n\000e\000n\000t\000\040\000A\000b\000l\000a\000t\000i\000o\000n\000\040\000S\000t\000u\000d\000y}{section.4}% 18
\BOOKMARK [2][]{subsection.4.6}{\376\377\000P\000i\000p\000e\000l\000i\000n\000e\000\040\000D\000e\000c\000o\000m\000p\000o\000s\000i\000t\000i\000o\000n\000:\000\040\000R\000u\000l\000e\000\040\000E\000n\000f\000o\000r\000c\000e\000m\000e\000n\000t\000\040\000v\000s\000.\000\040\000M\000o\000d\000e\000l\000\040\000R\000e\000s\000p\000o\000n\000s\000e}{section.4}% 19
\BOOKMARK [2][]{subsection.4.7}{\376\377\000P\000e\000r\000c\000e\000p\000t\000u\000a\000l\000\040\000E\000v\000a\000l\000u\000a\000t\000i\000o\000n\000:\000\040\000M\000O\000S\000\040\000S\000t\000u\000d\000y\000\040\000\050\000N\000=\0002\0005\000\051}{section.4}% 20
\BOOKMARK [1][]{section.5}{\376\377\000D\000i\000s\000c\000u\000s\000s\000i\000o\000n}{}% 21
\BOOKMARK [1][]{section.6}{\376\377\000C\000o\000n\000c\000l\000u\000s\000i\000o\000n}{}% 22
