\BOOKMARK [1][-]{section.1}{\376\377\000I\000n\000t\000r\000o\000d\000u\000c\000t\000i\000o\000n}{}% 1
\BOOKMARK [2][-]{subsection.1.1}{\376\377\000S\000y\000m\000b\000o\000l\000i\000c\000\040\000M\000u\000l\000t\000i\000-\000T\000r\000a\000c\000k\000\040\000M\000u\000s\000i\000c\000\040\000G\000e\000n\000e\000r\000a\000t\000i\000o\000n}{section.1}% 2
\BOOKMARK [2][-]{subsection.1.2}{\376\377\000R\000e\000p\000r\000e\000s\000e\000n\000t\000a\000t\000i\000o\000n\000a\000l\000\040\000A\000d\000v\000a\000n\000c\000e\000s\000:\000\040\000F\000r\000o\000m\000\040\000M\000I\000D\000I\000\040\000t\000o\000\040\000H\000i\000g\000h\000-\000D\000i\000m\000e\000n\000s\000i\000o\000n\000a\000l\000\040\000T\000o\000k\000e\000n\000s}{section.1}% 3
\BOOKMARK [2][-]{subsection.1.3}{\376\377\000C\000o\000n\000t\000r\000o\000l\000l\000a\000b\000i\000l\000i\000t\000y\000\040\000a\000n\000d\000\040\000S\000t\000r\000u\000c\000t\000u\000r\000a\000l\000\040\000S\000t\000e\000e\000r\000i\000n\000g}{section.1}% 4
\BOOKMARK [1][-]{section.2}{\376\377\000M\000e\000t\000h\000o\000d\000o\000l\000o\000g\000y}{}% 5
\BOOKMARK [2][-]{subsection.2.1}{\376\377\000A\000r\000c\000h\000i\000t\000e\000c\000t\000i\000n\000g\000\040\000t\000h\000e\000\040\0005\000D\000\040\000T\000i\000m\000e\000-\000M\000a\000j\000o\000r\000\040\000T\000o\000k\000e\000n\000\040\000S\000p\000a\000c\000e}{section.2}% 6
\BOOKMARK [2][-]{subsection.2.2}{\376\377\000T\000h\000e\000o\000r\000e\000t\000i\000c\000a\000l\000\040\000A\000n\000a\000l\000y\000s\000i\000s\000:\000\040\000A\000t\000t\000e\000n\000t\000i\000o\000n\000\040\000T\000o\000p\000o\000l\000o\000g\000y\000\040\000u\000n\000d\000e\000r\000\040\000T\000i\000m\000e\000-\000M\000a\000j\000o\000r\000\040\000E\000n\000c\000o\000d\000i\000n\000g}{section.2}% 7
\BOOKMARK [2][-]{subsection.2.3}{\376\377\000C\000a\000u\000s\000a\000l\000\040\000T\000r\000a\000n\000s\000f\000o\000r\000m\000e\000r\000\040\000A\000r\000c\000h\000i\000t\000e\000c\000t\000u\000r\000e}{section.2}% 8
\BOOKMARK [2][-]{subsection.2.4}{\376\377\000A\000l\000g\000o\000r\000i\000t\000h\000m\000i\000c\000\040\000G\000e\000n\000e\000r\000a\000t\000i\000o\000n\000\040\000P\000i\000p\000e\000l\000i\000n\000e}{section.2}% 9
\BOOKMARK [2][-]{subsection.2.5}{\376\377\000E\000n\000e\000r\000g\000y\000\040\000I\000n\000d\000i\000c\000a\000t\000o\000r\000s\000\040\000\046\000\040\000M\000a\000c\000r\000o\000-\000S\000t\000r\000u\000c\000t\000u\000r\000a\000l\000\040\000O\000r\000c\000h\000e\000s\000t\000r\000a\000t\000i\000o\000n}{section.2}% 10
\BOOKMARK [2][-]{subsection.2.6}{\376\377\000T\000e\000m\000p\000o\000r\000a\000l\000\040\000A\000n\000c\000h\000o\000r\000\040\000S\000t\000i\000t\000c\000h\000i\000n\000g\000\040\000L\000o\000g\000i\000s\000t\000i\000c\000s}{section.2}% 11
\BOOKMARK [2][-]{subsection.2.7}{\376\377\000M\000i\000c\000r\000o\000-\000S\000c\000a\000l\000e\000\040\000T\000r\000a\000n\000s\000f\000o\000r\000m\000a\000t\000i\000o\000n\000a\000l\000\040\000O\000p\000e\000r\000a\000t\000i\000o\000n\000s}{section.2}% 12
\BOOKMARK [1][-]{section.3}{\376\377\000D\000i\000g\000i\000t\000a\000l\000\040\000A\000u\000d\000i\000o\000\040\000W\000o\000r\000k\000s\000t\000a\000t\000i\000o\000n\000\040\000E\000n\000g\000i\000n\000e\000\040\000I\000n\000t\000e\000g\000r\000a\000t\000i\000o\000n}{}% 13
\BOOKMARK [1][-]{section.4}{\376\377\000E\000x\000p\000e\000r\000i\000m\000e\000n\000t\000s\000\040\000\046\000\040\000E\000v\000a\000l\000u\000a\000t\000i\000o\000n}{}% 14
\BOOKMARK [2][-]{subsection.4.1}{\376\377\000D\000a\000t\000a\000s\000e\000t\000\040\000\046\000\040\000M\000o\000d\000e\000l\000\040\000S\000p\000e\000c\000i\000f\000i\000c\000a\000t\000i\000o\000n\000s}{section.4}% 15
\BOOKMARK [2][-]{subsection.4.2}{\376\377\000Q\000u\000a\000n\000t\000i\000t\000a\000t\000i\000v\000e\000\040\000S\000t\000e\000e\000r\000a\000b\000i\000l\000i\000t\000y\000:\000\040\000E\000n\000e\000r\000g\000y\000\040\000v\000s\000.\000\040\000P\000o\000l\000y\000p\000h\000o\000n\000y}{section.4}% 16
\BOOKMARK [2][-]{subsection.4.3}{\376\377\000S\000t\000r\000u\000c\000t\000u\000r\000a\000l\000\040\000A\000n\000a\000l\000y\000s\000i\000s\000\040\000o\000f\000\040\000T\000i\000m\000e\000-\000M\000a\000j\000o\000r\000\040\000R\000e\000p\000r\000e\000s\000e\000n\000t\000a\000t\000i\000o\000n\000s}{section.4}% 17
\BOOKMARK [2][-]{subsection.4.4}{\376\377\000S\000t\000r\000u\000c\000t\000u\000r\000a\000l\000\040\000T\000o\000k\000e\000n\000-\000D\000i\000s\000t\000a\000n\000c\000e\000\040\000v\000s\000.\000\040\000E\000s\000t\000a\000b\000l\000i\000s\000h\000e\000d\000\040\000P\000a\000r\000a\000d\000i\000g\000m\000s}{section.4}% 18
\BOOKMARK [2][-]{subsection.4.5}{\376\377\000D\000i\000s\000t\000r\000i\000b\000u\000t\000i\000o\000n\000a\000l\000\040\000P\000r\000o\000x\000i\000m\000i\000t\000y\000\040\000t\000o\000\040\000H\000u\000m\000a\000n\000\040\000G\000r\000o\000u\000n\000d\000\040\000T\000r\000u\000t\000h}{section.4}% 19
\BOOKMARK [2][-]{subsection.4.6}{\376\377\000E\000x\000p\000a\000n\000d\000e\000d\000\040\000P\000e\000r\000c\000e\000p\000t\000u\000a\000l\000\040\000E\000v\000a\000l\000u\000a\000t\000i\000o\000n\000:\000\040\000M\000O\000S\000\040\000S\000t\000u\000d\000y\000\040\000\050\000N\000=\0002\0005\000\051}{section.4}% 20
\BOOKMARK [1][-]{section.5}{\376\377\000C\000o\000n\000c\000l\000u\000s\000i\000o\000n}{}% 21
\BOOKMARK [1][-]{section*.16}{\376\377\000R\000e\000f\000e\000r\000e\000n\000c\000e\000s}{}% 22
